Setting _echo_command = true
%%> "\\model-new[catalog_id=\"CS4\"] test-model-1"
Created model 'test-model-1' (ID: 00000001, Provider: anthropic, Base: claude-sonnet-4-20250514)
%%> "\\model-new[catalog_id=\"O3\"] test-model-2"
Created model 'test-model-2' (ID: 00000002, Provider: openai, Base: o3)
%%> "\\try \\model-delete nonexistent-model"
%%> "\\model-delete nonexistent-model"
%%> "\\model-new[provider=\"anthropic\", base_model=\"claude-3-sonnet\"] test-similar"
Created model 'test-similar' (ID: 00000003, Provider: anthropic, Base: claude-3-sonnet)
%%> "\\model-new[provider=\"openai\", base_model=\"gpt-4\"] test-different"
Created model 'test-different' (ID: 00000004, Provider: openai, Base: gpt-4)
%%> "\\try \\model-delete test"
%%> "\\model-delete test"
%%> "\\try \\model-delete"
%%> "\\model-delete"
%%> "\\try \\model-delete[id=true] xyz123"
%%> "\\model-delete[id=true] xyz123"
%%> "\\model-delete test-model-1"
Deleted model 'test-model-1' (ID: 00000001, Provider: anthropic, Base: claude-sonnet-4-20250514)
%%> "\\model-delete test-model-2"
Deleted model 'test-model-2' (ID: 00000002, Provider: openai, Base: o3)
%%> "\\model-delete test-similar"
Deleted model 'test-similar' (ID: 00000003, Provider: anthropic, Base: claude-3-sonnet)
%%> "\\model-delete test-different"
Deleted model 'test-different' (ID: 00000004, Provider: openai, Base: gpt-4)
%%> "\\try \\model-delete anything"
%%> "\\model-delete anything"