Setting _echo_command = true
%%> "\\model-new[catalog_id=\"CS4\"] claude-model"
Created model 'claude-model' (ID: 00000001, Provider: anthropic, Base: claude-sonnet-4-20250514)
%%> "\\model-new[catalog_id=\"O3\"] openai-model"
Created model 'openai-model' (ID: 00000002, Provider: openai, Base: o3)
%%> "\\model-new[provider=\"anthropic\", base_model=\"claude-3-sonnet\", description=\"Custom Claude model\"] custom-claude"
Created model 'custom-claude' (ID: 00000003, Provider: anthropic, Base: claude-3-sonnet)
%%> "\\model-status"
Model Configurations (3 models):
  claude-model (00000001)
    Provider: anthropic
    Base Model: claude-sonnet-4-20250514
    Catalog ID: CS4
    Parameters: none
    Created: 2025-01-01 00:00:01
  custom-claude (00000003)
    Provider: anthropic
    Base Model: claude-3-sonnet
    Catalog ID: none
    Parameters: none
    Created: 2025-01-01 00:00:03
    Description: Custom Claude model
    Active: true
  openai-model (00000002)
    Provider: openai
    Base Model: o3
    Catalog ID: O3
    Parameters: none
    Created: 2025-01-01 00:00:02
%%> "\\get[#model_count]"
#model_count = 3
%%> "\\get[#model_filtered_count]"
#model_filtered_count = 3
%%> "\\get[_output]"
_output = Model Configurations (3 models):
  claude-model (00000001)
    Provider: anthropic
    Base Model: claude-sonnet-4-20250514
    Catalog ID: CS4
    Parameters: none
    Created: 2025-01-01 00:00:01
  custom-claude (00000003)
    Provider: anthropic
    Base Model: claude-3-sonnet
    Catalog ID: none
    Parameters: none
    Created: 2025-01-01 00:00:03
    Description: Custom Claude model
    Active: true
  openai-model (00000002)
    Provider: openai
    Base Model: o3
    Catalog ID: O3
    Parameters: none
    Created: 2025-01-01 00:00:02