Setting _echo_command = true
%%> "\\check[quiet=true]"
%%> "\\echo Status: ${_check_status}"
Status: success
%%> "\\echo Output: ${_check_output}"
Output: [OK] autocomplete - available/initialized
[OK] bash - available/initialized
[OK] change_log - available/initialized
[OK] chat_session - available/initialized
[OK] client_factory - available/initialized
[OK] configuration - available/initialized
[OK] debug_transport - available/initialized
[OK] editor - available/initialized
[OK] error_management - available/initialized
[OK] help - available/initialized
[OK] llm - available/initialized
[OK] markdown - available/initialized
[OK] model - available/initialized
[OK] model_catalog - available/initialized
[OK] parameter_validator - available/initialized
[OK] prompt_color - available/initialized
[OK] provider_catalog - available/initialized
[OK] shell_prompt - available/initialized
[OK] shortcut - available/initialized
[OK] stack - available/initialized
[OK] temporal-display - available/initialized
[OK] theme - available/initialized
[OK] thinking-renderer - available/initialized
[OK] variable - available/initialized
%%> "\\echo Failed services: ${_check_failed_services}"
Failed services:
%%> "\\echo Total services: ${_check_total_services}"
Total services: 24
%%> "\\echo Failed count: ${_check_failed_count}"
Failed count: 0
%%> "\\check[service=bash, quiet=true]"
%%> "\\echo Bash check status: ${_check_status}"
Bash check status: success
%%> "\\echo Bash total services: ${_check_total_services}"
Bash total services: 1