Copied 12 characters to clipboard
Copied 45 characters to clipboard
Setting message = Important data
Copied 30 characters to clipboard
Warning: No content specified. Clipboard unchanged.