‚ïê‚ïê‚ïê Setting Up Test API Keys ‚ïê‚ïê‚ïê
Setting OPENAI_API_KEY = sk-test1234567890abcdef1234567890abcdef
Setting ANTHROPIC_API_KEY = ant-test1234567890abcdef1234567890abcdef
Setting MOONSHOT_API_KEY = moon-test1234567890abcdef1234567890abcdef
‚ïê‚ïê‚ïê Loading All API Keys ‚ïê‚ïê‚ïê

  # LLM API Keys Found                                                        
                                                                              
   Variable Name          | API Key                | Status                   
  ------------------------|------------------------|------------------------  
   os.ANTHROPIC_API_KEY   | ant...def              | INACTIVE                 
   os.MOONSHOT_API_KEY    | moo...def              | INACTIVE                 
   os.OPENAI_API_KEY      | sk-...def              | INACTIVE                 

‚ïê‚ïê‚ïê Testing Provider-Specific Filtering ‚ïê‚ïê‚ïê

  # LLM API Keys Found (Openai only)                                          
                                                                              
   Variable Name          | API Key                | Status                   
  ------------------------|------------------------|------------------------  
   os.OPENAI_API_KEY      | sk-...def              | INACTIVE                 


  # LLM API Keys Found (Anthropic only)                                       
                                                                              
   Variable Name          | API Key                | Status                   
  ------------------------|------------------------|------------------------  
   os.ANTHROPIC_API_KEY   | ant...def              | INACTIVE                 


  # LLM API Keys Found (Moonshot only)                                        
                                                                              
   Variable Name          | API Key                | Status                   
  ------------------------|------------------------|------------------------  
   os.MOONSHOT_API_KEY    | moo...def              | INACTIVE                 

‚ïê‚ïê‚ïê Activating OpenAI Key ‚ïê‚ïê‚ïê
‚úì Activated os.OPENAI_API_KEY API key for openai provider
  ${#active_openai_key} now contains the API key value
‚ïê‚ïê‚ïê Activating Anthropic Key ‚ïê‚ïê‚ïê
‚úì Activated os.ANTHROPIC_API_KEY API key for anthropic provider
  ${#active_anthropic_key} now contains the API key value
‚ïê‚ïê‚ïê Final State with Active Keys ‚ïê‚ïê‚ïê

  # LLM API Keys Found                                                        
                                                                              
   Variable Name          | API Key                | Status                   
  ------------------------|------------------------|------------------------  
   os.ANTHROPIC_API_KEY   | ant...def              | **üü¢ ACTIVE**            
   os.MOONSHOT_API_KEY    | moo...def              | INACTIVE                 
   os.OPENAI_API_KEY      | sk-...def              | **üü¢ ACTIVE**            
                                                                              
  **Active keys:** ${#active_openai_key}, ${#active_anthropic_key}            

‚ïê‚ïê‚ïê Activating Moonshot Key ‚ïê‚ïê‚ïê
‚úì Activated os.MOONSHOT_API_KEY API key for moonshot provider
  ${#active_moonshot_key} now contains the API key value
‚ïê‚ïê‚ïê Active Key Variables ‚ïê‚ïê‚ïê
#active_openai_key = sk-test1234567890abcdef1234567890abcdef
#active_anthropic_key = ant-test1234567890abcdef1234567890abcdef
#active_moonshot_key = moon-test1234567890abcdef1234567890abcdef