Setting _echo_command = true
%%> "\\set[cafe=\"café\"]"
Setting cafe = café
%%> "\\set[japanese=\"日本語\"]"
Setting japanese = 日本語
%%> "\\set[emoji=\"🚀\"]"
Setting emoji = 🚀
%%> "\\set[currency=\"€ £ ¥\"]"
Setting currency = € £ ¥
%%> "\\set[symbols=\"— – \"\" …\"]"
Setting symbols = — – "" …
%%> "\\get[cafe]"
cafe = café
%%> "\\get[japanese]"
japanese = 日本語
%%> "\\get[emoji]"
emoji = 🚀
%%> "\\get[currency]"
currency = € £ ¥
%%> "\\get[symbols]"
symbols = — – "" …
%%> "\\set[complex=\"Complex: café with 日本語 and 🚀 — testing\"]"
Setting complex = Complex: café with 日本語 and 🚀 — testing
%%> "\\get[complex]"
complex = Complex: café with 日本語 and 🚀 — testing
%%> "\\set[café_name=\"This is a café\"]"
Setting café_name = This is a café
%%> "\\get[café_name]"
café_name = This is a café
%%> "\\set[greeting=\"Hello\"]"
Setting greeting = Hello
%%> "\\set[place=\"café\"]"
Setting place = café
%%> "\\set[combined=\"${greeting} at the ${place} with 🚀\"]"
Setting combined = Hello at the café with 🚀
%%> "\\get[combined]"
combined = Hello at the café with 🚀
%%> "\\set[mixed=\"Math: π ≠ ∞, Currency: € £, Quotes: \"\", Emoji: 🚀 ✨\"]"
Setting mixed = Math: π ≠ ∞, Currency: € £, Quotes: "", Emoji: 🚀 ✨
%%> "\\get[mixed]"
mixed = Math: π ≠ ∞, Currency: € £, Quotes: "", Emoji: 🚀 ✨
%%> "\\set[multiline=\"Line 1: café\\nLine 2: 日本語\\nLine 3: 🚀 rocket\"]"
Setting multiline = Line 1: café\nLine 2: 日本語\nLine 3: 🚀 rocket
%%> "\\get[multiline]"
multiline = Line 1: café\nLine 2: 日本語\nLine 3: 🚀 rocket
%%> "\\set[escaped=\"Escaped: \\\"café\\\" and 'naïve' with — dash\"]"
Setting escaped = Escaped: "café" and 'naïve' with — dash
%%> "\\get[escaped]"
escaped = Escaped: "café" and 'naïve' with — dash
%%> "\\set[empty=\"\"]"
Setting empty = 
%%> "\\get[empty]"
empty = 
%%> "\\set[test_var=\"Original: café\"]"
Setting test_var = Original: café
%%> "\\get[test_var]"
test_var = Original: café
%%> "\\set[test_var=\"Updated: 日本語 🚀\"]"
Setting test_var = Updated: 日本語 🚀
%%> "\\get[test_var]"
test_var = Updated: 日本語 🚀
%%> "\\set[_style=\"café styling with 🚀\"]"
Setting _style = café styling with 🚀
%%> "\\get[_style]"
_style = café styling with 🚀