Setting _echo_command = true
%%> \bash echo "nested success"
nested success
%%> \get[_status]
_status = 0
%%> \get[_error]
_error = 
%%> \get[_output]
_output = nested success
%%> \bash ls /nonexistent_nested
Error: ls: /nonexistent_nested: No such file or directory
Exit status: 1
%%> \get[_status]
_status = 1
%%> \get[_error]
_error = ls: /nonexistent_nested: No such file or directory
%%> \get[_status]
_status = 1
%%> \get[_error]
_error = unknown command: unknown_nested_command
%%> \set[nested_var=deep]
Setting nested_var = deep
%%> \get[_status]
_status = 0
%%> \get[nested_var]
nested_var = deep
%%> \get[_status]
_status = 1
%%> \get[_error]
_error = unknown command: unknown_outer_command