Setting _echo_commands = true
%%> \check[quiet=true]
%%> \echo Status: ${_check_status}
Status: success
%%> \echo Total services: ${_check_total_services}
Total services: 15
%%> \echo Failed count: ${_check_failed_count}
Failed count: 0