[K/test/pwd []
Testing --no-rc flag
[K/test/pwd []